Startpoint: reset (input port clocked by clk)
Endpoint: _120_ (recovery check against rising-edge clock clk)
Path Group: asynchronous
Path Type: max

  Delay    Time   Description
---------------------------------------------------------
   0.00    0.00   clock clk (rise edge)
   0.00    0.00   clock network delay (ideal)
   2.00    2.00 v input external delay
   0.00    2.00 v reset (in)
   0.03    2.03 ^ _118_/Y (sky130_fd_sc_hd__clkinv_1)
   0.00    2.03 ^ _120_/RESET_B (sky130_fd_sc_hd__dfrtp_1)
           2.03   data arrival time

  10.00   10.00   clock clk (rise edge)
   0.00   10.00   clock network delay (ideal)
   0.00   10.00   clock reconvergence pessimism
          10.00 ^ _120_/CLK (sky130_fd_sc_hd__dfrtp_1)
   0.22   10.22   library recovery time
          10.22   data required time
---------------------------------------------------------
          10.22   data required time
          -2.03   data arrival time
---------------------------------------------------------
           8.19   slack (MET)


Startpoint: b[1] (input port clocked by clk)
Endpoint: out[4] (output port clocked by clk)
Path Group: clk
Path Type: max

  Delay    Time   Description
---------------------------------------------------------
   0.00    0.00   clock clk (rise edge)
   0.00    0.00   clock network delay (ideal)
   2.00    2.00 v input external delay
   0.00    2.00 v b[1] (in)
   0.25    2.25 ^ _064_/Y (sky130_fd_sc_hd__xnor2_1)
   0.14    2.39 v _068_/Y (sky130_fd_sc_hd__a21oi_1)
   0.39    2.78 v _070_/X (sky130_fd_sc_hd__maj3_1)
   0.19    2.97 ^ _101_/Y (sky130_fd_sc_hd__o21ai_0)
   0.08    3.06 v _102_/X (sky130_fd_sc_hd__xor2_1)
   0.10    3.16 ^ _103_/Y (sky130_fd_sc_hd__nor2_1)
   3.68    6.84 ^ _115_/X (sky130_fd_sc_hd__o41a_1)
   0.00    6.84 ^ out[4] (out)
           6.84   data arrival time

  10.00   10.00   clock clk (rise edge)
   0.00   10.00   clock network delay (ideal)
   0.00   10.00   clock reconvergence pessimism
  -2.00    8.00   output external delay
           8.00   data required time
---------------------------------------------------------
           8.00   data required time
          -6.84   data arrival time
---------------------------------------------------------
           1.16   slack (MET)


